// Jest Snapshot v1, https://goo.gl/fbAQLP

exports[`Top traces when data is loaded returns the correct buckets 1`] = `
Array [
  Object {
    "averageResponseTime": 2577,
    "impact": 0,
    "key": Object {
      "service.name": "opbeans-node",
      "transaction.name": "GET /throw-error",
    },
    "serviceName": "opbeans-node",
    "transactionName": "GET /throw-error",
    "transactionType": "request",
    "transactionsPerMinute": 0.5,
  },
  Object {
    "averageResponseTime": 3147,
    "impact": 0.06552270160444405,
    "key": Object {
      "service.name": "opbeans-java",
      "transaction.name": "APIRestController#orders",
    },
    "serviceName": "opbeans-java",
    "transactionName": "APIRestController#orders",
    "transactionType": "request",
    "transactionsPerMinute": 0.5,
  },
  Object {
    "averageResponseTime": 3392.5,
    "impact": 0.09374344413758617,
    "key": Object {
      "service.name": "opbeans-java",
      "transaction.name": "APIRestController#order",
    },
    "serviceName": "opbeans-java",
    "transactionName": "APIRestController#order",
    "transactionType": "request",
    "transactionsPerMinute": 0.5,
  },
  Object {
    "averageResponseTime": 4713.5,
    "impact": 0.24559517890858723,
    "key": Object {
      "service.name": "opbeans-java",
      "transaction.name": "APIRestController#product",
    },
    "serviceName": "opbeans-java",
    "transactionName": "APIRestController#product",
    "transactionType": "request",
    "transactionsPerMinute": 0.5,
  },
  Object {
    "averageResponseTime": 4757,
    "impact": 0.25059559560997896,
    "key": Object {
      "service.name": "opbeans-node",
      "transaction.name": "GET /api/products/:id/customers",
    },
    "serviceName": "opbeans-node",
    "transactionName": "GET /api/products/:id/customers",
    "transactionType": "request",
    "transactionsPerMinute": 0.5,
  },
  Object {
    "averageResponseTime": 6787,
    "impact": 0.4839483750082622,
    "key": Object {
      "service.name": "opbeans-java",
      "transaction.name": "APIRestController#products",
    },
    "serviceName": "opbeans-java",
    "transactionName": "APIRestController#products",
    "transactionType": "request",
    "transactionsPerMinute": 0.5,
  },
  Object {
    "averageResponseTime": 4749.666666666667,
    "impact": 0.5227447114845778,
    "key": Object {
      "service.name": "opbeans-node",
      "transaction.name": "GET /api/orders/:id",
    },
    "serviceName": "opbeans-node",
    "transactionName": "GET /api/orders/:id",
    "transactionType": "request",
    "transactionsPerMinute": 0.75,
  },
  Object {
    "averageResponseTime": 7624.5,
    "impact": 0.5802207655235637,
    "key": Object {
      "service.name": "opbeans-node",
      "transaction.name": "GET /api/orders",
    },
    "serviceName": "opbeans-node",
    "transactionName": "GET /api/orders",
    "transactionType": "request",
    "transactionsPerMinute": 0.5,
  },
  Object {
    "averageResponseTime": 5098,
    "impact": 0.582807187955318,
    "key": Object {
      "service.name": "opbeans-node",
      "transaction.name": "GET /api/stats",
    },
    "serviceName": "opbeans-node",
    "transactionName": "GET /api/stats",
    "transactionType": "request",
    "transactionsPerMinute": 0.75,
  },
  Object {
    "averageResponseTime": 8181,
    "impact": 0.6441916136689552,
    "key": Object {
      "service.name": "opbeans-node",
      "transaction.name": "GET /api/types/:id",
    },
    "serviceName": "opbeans-node",
    "transactionName": "GET /api/types/:id",
    "transactionType": "request",
    "transactionsPerMinute": 0.5,
  },
  Object {
    "averageResponseTime": 20011,
    "impact": 0.853921734857215,
    "key": Object {
      "service.name": "opbeans-node",
      "transaction.name": "POST /api",
    },
    "serviceName": "opbeans-node",
    "transactionName": "POST /api",
    "transactionType": "request",
    "transactionsPerMinute": 0.25,
  },
  Object {
    "averageResponseTime": 6583,
    "impact": 1.2172278724376455,
    "key": Object {
      "service.name": "opbeans-node",
      "transaction.name": "GET /api/products",
    },
    "serviceName": "opbeans-node",
    "transactionName": "GET /api/products",
    "transactionType": "request",
    "transactionsPerMinute": 1,
  },
  Object {
    "averageResponseTime": 33097,
    "impact": 1.6060533780113861,
    "key": Object {
      "service.name": "opbeans-node",
      "transaction.name": "GET /api/products/top",
    },
    "serviceName": "opbeans-node",
    "transactionName": "GET /api/products/top",
    "transactionType": "request",
    "transactionsPerMinute": 0.25,
  },
  Object {
    "averageResponseTime": 4825,
    "impact": 1.6450221426498186,
    "key": Object {
      "service.name": "opbeans-java",
      "transaction.name": "APIRestController#topProducts",
    },
    "serviceName": "opbeans-java",
    "transactionName": "APIRestController#topProducts",
    "transactionType": "request",
    "transactionsPerMinute": 1.75,
  },
  Object {
    "averageResponseTime": 35846,
    "impact": 1.7640550505645587,
    "key": Object {
      "service.name": "opbeans-node",
      "transaction.name": "GET /log-error",
    },
    "serviceName": "opbeans-node",
    "transactionName": "GET /log-error",
    "transactionType": "request",
    "transactionsPerMinute": 0.25,
  },
  Object {
    "averageResponseTime": 3742.153846153846,
    "impact": 2.4998634943716573,
    "key": Object {
      "service.name": "opbeans-java",
      "transaction.name": "APIRestController#customerWhoBought",
    },
    "serviceName": "opbeans-java",
    "transactionName": "APIRestController#customerWhoBought",
    "transactionType": "request",
    "transactionsPerMinute": 3.25,
  },
  Object {
    "averageResponseTime": 3492.9285714285716,
    "impact": 2.5144049360435208,
    "key": Object {
      "service.name": "opbeans-node",
      "transaction.name": "GET static file",
    },
    "serviceName": "opbeans-node",
    "transactionName": "GET static file",
    "transactionType": "request",
    "transactionsPerMinute": 3.5,
  },
  Object {
    "averageResponseTime": 26992.5,
    "impact": 2.8066131947777255,
    "key": Object {
      "service.name": "opbeans-node",
      "transaction.name": "GET /api/types",
    },
    "serviceName": "opbeans-node",
    "transactionName": "GET /api/types",
    "transactionType": "request",
    "transactionsPerMinute": 0.5,
  },
  Object {
    "averageResponseTime": 13516.5,
    "impact": 2.8112687551548836,
    "key": Object {
      "service.name": "opbeans-node",
      "transaction.name": "GET /api/products/:id",
    },
    "serviceName": "opbeans-node",
    "transactionName": "GET /api/products/:id",
    "transactionType": "request",
    "transactionsPerMinute": 1,
  },
  Object {
    "averageResponseTime": 20092,
    "impact": 3.168195050736987,
    "key": Object {
      "service.name": "opbeans-node",
      "transaction.name": "GET /api/customers",
    },
    "serviceName": "opbeans-node",
    "transactionName": "GET /api/customers",
    "transactionType": "request",
    "transactionsPerMinute": 0.75,
  },
  Object {
    "averageResponseTime": 15535,
    "impact": 3.275330415465657,
    "key": Object {
      "service.name": "opbeans-java",
      "transaction.name": "APIRestController#stats",
    },
    "serviceName": "opbeans-java",
    "transactionName": "APIRestController#stats",
    "transactionType": "request",
    "transactionsPerMinute": 1,
  },
  Object {
    "averageResponseTime": 32667.5,
    "impact": 3.458966408120217,
    "key": Object {
      "service.name": "opbeans-node",
      "transaction.name": "GET /log-message",
    },
    "serviceName": "opbeans-node",
    "transactionName": "GET /log-message",
    "transactionType": "request",
    "transactionsPerMinute": 0.5,
  },
  Object {
    "averageResponseTime": 16690.75,
    "impact": 3.541042213287889,
    "key": Object {
      "service.name": "opbeans-java",
      "transaction.name": "APIRestController#customers",
    },
    "serviceName": "opbeans-java",
    "transactionName": "APIRestController#customers",
    "transactionType": "request",
    "transactionsPerMinute": 1,
  },
  Object {
    "averageResponseTime": 33500,
    "impact": 3.5546640380951287,
    "key": Object {
      "service.name": "client",
      "transaction.name": "/customers",
    },
    "serviceName": "client",
    "transactionName": "/customers",
    "transactionType": "route-change",
    "transactionsPerMinute": 0.5,
  },
  Object {
    "averageResponseTime": 77000,
    "impact": 4.129424578484989,
    "key": Object {
      "service.name": "client",
      "transaction.name": "/products",
    },
    "serviceName": "client",
    "transactionName": "/products",
    "transactionType": "page-load",
    "transactionsPerMinute": 0.25,
  },
  Object {
    "averageResponseTime": 19370.6,
    "impact": 5.270496679320978,
    "key": Object {
      "service.name": "opbeans-java",
      "transaction.name": "APIRestController#customer",
    },
    "serviceName": "opbeans-java",
    "transactionName": "APIRestController#customer",
    "transactionType": "request",
    "transactionsPerMinute": 1.25,
  },
  Object {
    "averageResponseTime": 81500,
    "impact": 9.072365225837785,
    "key": Object {
      "service.name": "client",
      "transaction.name": "/orders",
    },
    "serviceName": "client",
    "transactionName": "/orders",
    "transactionType": "route-change",
    "transactionsPerMinute": 0.5,
  },
  Object {
    "averageResponseTime": 14419.42857142857,
    "impact": 11.30657439844125,
    "key": Object {
      "service.name": "opbeans-java",
      "transaction.name": "ResourceHttpRequestHandler",
    },
    "serviceName": "opbeans-java",
    "transactionName": "ResourceHttpRequestHandler",
    "transactionType": "request",
    "transactionsPerMinute": 3.5,
  },
  Object {
    "averageResponseTime": 270684,
    "impact": 15.261616628971955,
    "key": Object {
      "service.name": "opbeans-node",
      "transaction.name": "POST /api/orders",
    },
    "serviceName": "opbeans-node",
    "transactionName": "POST /api/orders",
    "transactionType": "request",
    "transactionsPerMinute": 0.25,
  },
  Object {
    "averageResponseTime": 36010.53846153846,
    "impact": 26.61043592713186,
    "key": Object {
      "service.name": "opbeans-java",
      "transaction.name": "DispatcherServlet#doGet",
    },
    "serviceName": "opbeans-java",
    "transactionName": "DispatcherServlet#doGet",
    "transactionType": "request",
    "transactionsPerMinute": 3.25,
  },
  Object {
    "averageResponseTime": 208000,
    "impact": 35.56882613781033,
    "key": Object {
      "service.name": "client",
      "transaction.name": "/dashboard",
    },
    "serviceName": "client",
    "transactionName": "/dashboard",
    "transactionType": "page-load",
    "transactionsPerMinute": 0.75,
  },
  Object {
    "averageResponseTime": 49816.15625,
    "impact": 91.32732325394932,
    "key": Object {
      "service.name": "opbeans-node",
      "transaction.name": "GET /api",
    },
    "serviceName": "opbeans-node",
    "transactionName": "GET /api",
    "transactionType": "request",
    "transactionsPerMinute": 8,
  },
  Object {
    "averageResponseTime": 1745009,
    "impact": 100,
    "key": Object {
      "service.name": "opbeans-node",
      "transaction.name": "Process payment",
    },
    "serviceName": "opbeans-node",
    "transactionName": "Process payment",
    "transactionType": "Worker",
    "transactionsPerMinute": 0.25,
  },
]
`;
