// Jest Snapshot v1, https://goo.gl/fbAQLP

exports[`Top transaction groups when data is loaded returns the correct buckets (when ignoring samples) 1`] = `
Array [
  Object {
    "averageResponseTime": 2577,
    "impact": 0,
    "key": "GET /throw-error",
    "p95": 3224,
    "serviceName": "opbeans-node",
    "transactionName": "GET /throw-error",
    "transactionType": "request",
    "transactionsPerMinute": 0.5,
  },
  Object {
    "averageResponseTime": 4757,
    "impact": 0.20830834986820673,
    "key": "GET /api/products/:id/customers",
    "p95": 5616,
    "serviceName": "opbeans-node",
    "transactionName": "GET /api/products/:id/customers",
    "transactionType": "request",
    "transactionsPerMinute": 0.5,
  },
  Object {
    "averageResponseTime": 4749.666666666667,
    "impact": 0.43453312891085794,
    "key": "GET /api/orders/:id",
    "p95": 7184,
    "serviceName": "opbeans-node",
    "transactionName": "GET /api/orders/:id",
    "transactionType": "request",
    "transactionsPerMinute": 0.75,
  },
  Object {
    "averageResponseTime": 8181,
    "impact": 0.5354862351657939,
    "key": "GET /api/types/:id",
    "p95": 10080,
    "serviceName": "opbeans-node",
    "transactionName": "GET /api/types/:id",
    "transactionType": "request",
    "transactionsPerMinute": 0.5,
  },
  Object {
    "averageResponseTime": 20011,
    "impact": 0.7098250353192541,
    "key": "POST /api",
    "p95": 19968,
    "serviceName": "opbeans-node",
    "transactionName": "POST /api",
    "transactionType": "request",
    "transactionsPerMinute": 0.25,
  },
  Object {
    "averageResponseTime": 35846,
    "impact": 1.466376117925459,
    "key": "GET /log-error",
    "p95": 35840,
    "serviceName": "opbeans-node",
    "transactionName": "GET /log-error",
    "transactionType": "request",
    "transactionsPerMinute": 0.25,
  },
  Object {
    "averageResponseTime": 7105.333333333333,
    "impact": 1.7905918202662048,
    "key": "GET /api/stats",
    "p95": 15136,
    "serviceName": "opbeans-node",
    "transactionName": "GET /api/stats",
    "transactionType": "request",
    "transactionsPerMinute": 1.5,
  },
  Object {
    "averageResponseTime": 22958.5,
    "impact": 1.9475397398343375,
    "key": "GET /api/products/top",
    "p95": 33216,
    "serviceName": "opbeans-node",
    "transactionName": "GET /api/products/top",
    "transactionType": "request",
    "transactionsPerMinute": 0.5,
  },
  Object {
    "averageResponseTime": 3492.9285714285716,
    "impact": 2.0901067389184496,
    "key": "GET static file",
    "p95": 11900,
    "serviceName": "opbeans-node",
    "transactionName": "GET static file",
    "transactionType": "request",
    "transactionsPerMinute": 3.5,
  },
  Object {
    "averageResponseTime": 26992.5,
    "impact": 2.3330057413794503,
    "key": "GET /api/types",
    "p95": 45248,
    "serviceName": "opbeans-node",
    "transactionName": "GET /api/types",
    "transactionType": "request",
    "transactionsPerMinute": 0.5,
  },
  Object {
    "averageResponseTime": 13516.5,
    "impact": 2.3368756900811305,
    "key": "GET /api/products/:id",
    "p95": 37856,
    "serviceName": "opbeans-node",
    "transactionName": "GET /api/products/:id",
    "transactionType": "request",
    "transactionsPerMinute": 1,
  },
  Object {
    "averageResponseTime": 8585,
    "impact": 2.624924094061731,
    "key": "GET /api/products",
    "p95": 22112,
    "serviceName": "opbeans-node",
    "transactionName": "GET /api/products",
    "transactionType": "request",
    "transactionsPerMinute": 1.75,
  },
  Object {
    "averageResponseTime": 7615.625,
    "impact": 2.6645791239678345,
    "key": "GET /api/orders",
    "p95": 11616,
    "serviceName": "opbeans-node",
    "transactionName": "GET /api/orders",
    "transactionType": "request",
    "transactionsPerMinute": 2,
  },
  Object {
    "averageResponseTime": 3262.95,
    "impact": 2.8716452680799467,
    "key": "GET /*",
    "p95": 4472,
    "serviceName": "opbeans-node",
    "transactionName": "GET /*",
    "transactionType": "request",
    "transactionsPerMinute": 5,
  },
  Object {
    "averageResponseTime": 32667.5,
    "impact": 2.875276331059301,
    "key": "GET /log-message",
    "p95": 38528,
    "serviceName": "opbeans-node",
    "transactionName": "GET /log-message",
    "transactionType": "request",
    "transactionsPerMinute": 0.5,
  },
  Object {
    "averageResponseTime": 16896.8,
    "impact": 3.790160870423129,
    "key": "GET /api/customers",
    "p95": 26432,
    "serviceName": "opbeans-node",
    "transactionName": "GET /api/customers",
    "transactionType": "request",
    "transactionsPerMinute": 1.25,
  },
  Object {
    "averageResponseTime": 270684,
    "impact": 12.686265169840583,
    "key": "POST /api/orders",
    "p95": 270336,
    "serviceName": "opbeans-node",
    "transactionName": "POST /api/orders",
    "transactionType": "request",
    "transactionsPerMinute": 0.25,
  },
  Object {
    "averageResponseTime": 51175.73170731707,
    "impact": 100,
    "key": "GET /api",
    "p95": 259040,
    "serviceName": "opbeans-node",
    "transactionName": "GET /api",
    "transactionType": "request",
    "transactionsPerMinute": 10.25,
  },
]
`;
